<html>
<body>
<pre>
<h1>µVision Build Log</h1>
<h2>Tool Versions:</h2>
IDE-Version: ÂµVision V5.36.0.0
Copyright (C) 2021 ARM Ltd and ARM Germany GmbH. All rights reserved.
License Information: . ., ., LIC=----
 
Tool Versions:
Toolchain:       MDK-Lite  Version: 5.36.0.0
Toolchain Path:  C:\Keil_v5\ARM\ARMCLANG\Bin
C Compiler:      ArmClang.exe V6.16
Assembler:       Armasm.exe V6.16
Linker/Locator:  ArmLink.exe V6.16
Library Manager: ArmAr.exe V6.16
Hex Converter:   FromElf.exe V6.16
CPU DLL:         SARMCM3.DLL V5.36.0.0
Dialog DLL:      DCM.DLL V1.17.3.0
Target DLL:      STLink\ST-LINKIII-KEIL_SWO.dll V3.0.9.0
Dialog DLL:      TCM.DLL V1.53.0.0
 
<h2>Project:</h2>
C:\Users\student\Desktop\labs 2023\Microcontrollers-Lab01\Lab01\lab01.uvprojx
Project File Date:  03/31/2023

<h2>Output:</h2>
*** Using Compiler 'V6.16', folder: 'C:\Keil_v5\ARM\ARMCLANG\Bin'
Build target 'Target 1'
main.c(3): warning: In file included from...
./drivers/drivers\uart.h(43): warning: // comments are not allowed in this language [-Wcomment]
#endif // UART_H
       ^
main.c(8): warning: // comments are not allowed in this language [-Wcomment]
//#define DEBUG
^
main.c(108): warning: implicit conversion loses integer precision: 'int' to 'char' [-Wimplicit-int-conversion]
        while( len <= MAXSIZE && ((c = getchar()) != '\r') ){
                                     ~ ^~~~~~~~~
C:\Keil_v5\ARM\ARMCLANG\Bin\..\include\stdio.h(703): note: expanded from macro 'getchar'
    #define getchar() getc(stdin)
                      ^~~~~~~~~~~
main.c(115): warning: implicit conversion changes signedness: 'int' to 'unsigned int' [-Wsign-conversion]
        user_input = realloc(user_input, len * sizeof(char));
                                         ^~~ ~
main.c(25): warning: ISO C90 forbids mixing declarations and code [-Wdeclaration-after-statement]
        int table[] = {10, 42, 12, 21,  7,  5, 67, 48, 69,  2, 36,  3, 19,  1, 14, 51, 71,  8, 26, 54, 75, 15,  6, 59, 13, 25};
            ^
5 warnings generated.
compiling main.c...
linking...
Program Size: Code=14576 RO-data=1356 RW-data=16 ZI-data=1912  
".\Objects\lab01.axf" - 0 Error(s), 5 Warning(s).

<h2>Software Packages used:</h2>

Package Vendor: ARM
                http://www.keil.com/pack/ARM.CMSIS.5.8.0.pack
                ARM.CMSIS.5.8.0
                CMSIS (Common Microcontroller Software Interface Standard)
   * Component: CORE Version: 5.5.0

Package Vendor: Keil
                http://www.keil.com/pack/Keil.ARM_Compiler.1.7.0.pack
                Keil.ARM_Compiler.1.7.0
                Keil ARM Compiler extensions for ARM Compiler 5 and ARM Compiler 6
   * Component: STDERR Variant: ITM Version: 1.2.0
   * Component: STDIN Variant: ITM Version: 1.2.0
   * Component: STDOUT Variant: ITM Version: 1.2.0

Package Vendor: Keil
                http://www.keil.com/pack/Keil.STM32F4xx_DFP.2.16.0.pack
                Keil.STM32F4xx_DFP.2.16.0
                STMicroelectronics STM32F4 Series Device Support, Drivers and Examples
   * Component: Startup Version: 2.6.3

<h2>Collection of Component include folders:</h2>
  .\RTE\_Target_1
  C:\Users\student\AppData\Local\Arm\Packs\ARM\CMSIS\5.8.0\CMSIS\Core\Include
  C:\Users\student\AppData\Local\Arm\Packs\Keil\STM32F4xx_DFP\2.16.0\Drivers\CMSIS\Device\ST\STM32F4xx\Include

<h2>Collection of Component Files used:</h2>

   * Component: ARM::CMSIS:CORE:5.5.0

   * Component: Keil.ARM Compiler::Compiler:I/O:STDERR:ITM:1.2.0
      Source file:   Source\retarget_io.c

   * Component: Keil.ARM Compiler::Compiler:I/O:STDIN:ITM:1.2.0
      Source file:   Source\retarget_io.c

   * Component: Keil.ARM Compiler::Compiler:I/O:STDOUT:ITM:1.2.0
      Source file:   Source\retarget_io.c

   * Component: Keil::Device:Startup:2.6.3
      Source file:   MDK\Device\Source\ARM\STM32F411xx_OPT.s
      Source file:   MDK\Device\Source\ARM\STM32F4xx_OTP.s
      Include file:  Drivers\CMSIS\Device\ST\STM32F4xx\Include\stm32f4xx.h
      Source file:   Drivers\CMSIS\Device\ST\STM32F4xx\Source\Templates\arm\startup_stm32f411xe.s
      Source file:   Drivers\CMSIS\Device\ST\STM32F4xx\Source\Templates\system_stm32f4xx.c
Build Time Elapsed:  00:00:00
</pre>
</body>
</html>
